Container()(
	Leaf(T)(
		Container()(
			Container(CA)(
				Uniform(MA)(
					Container()()
				),
				Escaped(MB)()
			),
			Container(CA)(
				Uniform(MA)(
					Container()()
				),
				Escaped(MB)(
					}}
				)
			)
		)
	)
)