Container()(
	Leaf(T)(
		InlineContainer()(
			InlineContainer(CA)(
				Uniform(MA)(
					InlineContainer()(
						Text(MT)(
							a
						)
					)
				),
				Escaped(MB)(
					b
				)
			)
		)
	)
)