Container()(
	Leaf(T)(
		Container()(
			Container(CA)(
				Uniform(MA)(
					Container()()
				),
				Escaped(MB)()
			),
			Text(MT)(
				 
			),
			Container(CA)(
				Uniform(MA)(
					Container()()
				),
				Escaped(MB)()
			)
		)
	)
)