Container()(
	Walled(A)(
		Container()(
			Leaf(T)(
				InlineContainer()(
					Text(MT)(
						a
					)
				)
			)
		)
	)
)