Container()(
	VerbatimLine(A)(),
	Walled(B)(
		Container()()
	)
)