Container()(
	Leaf(T)(
		Container()(
			Text(MT)(
				a
			),
			Uniform(MA)(
				Container()(
					Text(MT)(
						  
b
					)
				)
			)
		)
	)
)