0-5: Container()(
	0-5: Leaf(T)(
		0-5: Container()(
			0-5: Uniform(MA)(
				2-3: Container()(
					2-3: Text(MT)(
						a
					)
				)
			)
		)
	)
)