Container()(
	Container(GA)(
		Hanging(A)(
			Container()()
		)
	)
)