Container()(
	Leaf(T)(
		Container()(
			Prefixed(MA)()
		)
	)
)