Container()(
	Leaf(T)(
		Container()(
			Text(MT)(
				\
			),
			Uniform(MB)(
				Container()()
			)
		)
	)
)