Container()(
	VerbatimWalled(B)(
		Text(MT)(
			a
		)
	)
)