Container()(
	Leaf(T)(
		Container()(
			Text(MT)(
				a
			)
		)
	),
	VerbatimWalled(A)(
		Text(MT)(
			b
		)
	)
)