Container()(
	Container(SA)(
		VerbatimWalled(A)(
			Text(MT)(
				a
			)
		),
		Container(SB)(
			Leaf(T)(
				Container()(
					Text(MT)(
						b
					)
				)
			),
			VerbatimWalled(B)(
				Text(MT)(
					c
				)
			)
		)
	)
)