Container()(
	Leaf(T)(
		Container()(
			Text(MT)(
				a
			)
		)
	),
	Hanging(A)(
		Container()(
			Hanging(A)(
				Container()()
			)
		)
	),
	Hanging(A)(
		Container()()
	)
)