Container()(
	Walled(B)(
		Container()(
			Hanging(A)(
				Container()()
			)
		)
	)
)