0:0#0-1:2#4: Container()(
	0:0#0-0:1#1: Hanging(A)(
		0:1#1-0:1#1: Container()()
	)
)