0:0#0-1:1#3: Container()(
	0:0#0-0:1#1: Hanging(A)(
		0:1#1-0:1#1: Container()()
	),
	1:0#2-1:1#3: Hanging(A)(
		1:1#3-1:1#3: Container()()
	)
)