Container()(
	Leaf(T)(
		Container()(
			Text(MT)(
				a
			),
			Escaped(MA)(
				Text(MT)(
					`
				)
			)
		)
	)
)