0-2: Container()(
	0-2: Leaf(T)(
		0-2: Container()(
			0-2: Escaped(MA)()
		)
	)
)