0:0#0-4:1#17: Container()(
	0:0#0-4:1#17: Walled(B)(
		0:1#1-4:1#17: Container()(
			1:2#4-3:4#15: Leaf(T)(
				1:2#4-3:4#15: Container()(
					1:2#4-3:4#15: Escaped(MA)(
						1:4#6-3:2#13: Text(MT)(
							 a
						)
					)
				)
			)
		)
	)
)