Container()(
	Leaf(T)(
		Container()(
			Text(MT)<{
				"newlines": [
					2
				]
			}>(
				\a \b
			)
		)
	)
)