Container()(
	Leaf(T)(
		Container()(
			Text(MT)<{
				"newlines": [
					1
				]
			}>(
				\ \
			)
		)
	)
)