Container()(
	Walled(B)(
		Container()(
			Fenced(A)<{"openingText":""}>(
				a
			)
		)
	)
)