Container()(
	Fenced(A)<{"openingText":""}>(
		Text(MT)(
			
a
		)
	)
)