Container()(
	Walled(B)(
		Container()(
			Fenced(A)<{"openingText":""}>(
				Text(MT)(
					a
				)
			)
		)
	),
	Leaf(T)(
		Container()(
			Text(MT)(
				b
			)
		)
	)
)