Container()(
	Leaf(T)(
		Container()(
			Text(MT)(
				(
			),
			Prefixed(MB)(
				Text(MT)(
					a.b/c
				)
			),
			Text(MT)(
				)
			)
		)
	)
)