Container()(
	Leaf(T)(
		Container()(
			Text(MT)(
				\http
			)
		)
	)
)