Container()(
	Leaf(T)(
		Container()(
			Prefixed(MB)()
		)
	)
)