Container()(
	Leaf(T)(
		Container()(
			Text(MT)(
				http
			),
			Uniform(MC)(
				Container()(
					Text(MT)(
						://
					)
				)
			)
		)
	)
)