Container()(
	Walled(A)(
		Container()(
			Walled(A)(
				Container()(
					Leaf(T)(
						Container()(
							Text(MT)(
								a
b
							)
						)
					)
				)
			)
		)
	)
)