0:0#0-0:2#2: Container()(
	0:0#0-0:2#2: Walled(A)(
		0:1#1-0:2#2: Container()(
			0:1#1-0:2#2: Walled(A)(
				0:2#2-0:2#2: Container()()
			)
		)
	)
)