0-5: Container()(
	0-3: Walled(A)(
		1-3: Container()()
	),
	4-5: Leaf(T)(
		4-5: Container()(
			4-5: Text(MT)(
				a
			)
		)
	)
)