Container()(
	Walled(B)(
		Container()(
			RankedHanging(A)<2>(
				Container()()
			)
		)
	)
)