Container()(
	Walled(B)(
		Container()(
			RankedHanging(A)<{"rank":2}>(
				Container()()
			)
		)
	)
)