Container()(
	Leaf(T)(
		Container()(
			Text(MT)(
				1
			)
		)
	)
)