Container()(
	Hanging(C)(
		Container()(
			VerbatimWalled(A)(
				
 b
			)
		)
	)
)