0-5: Container()(
	0-3: VerbatimWalled(A)(
		1-3: Text(MT)(
			

		)
	),
	4-5: Leaf(T)(
		4-5: Container()(
			4-5: Text(MT)(
				a
			)
		)
	)
)