0-7: Container()(
	0-7: Walled(B)(
		1-7: Container()(
			4-5: VerbatimWalled(A)()
		)
	)
)