Container()(
	VerbatimWalled(A)(
		a
	),
	VerbatimWalled(A)(
		b
	)
)