Container()(
	VerbatimWalled(A)(
		Text(MT)(
			

		)
	)
)