Container()(
	Hanging(C)(
		Container()(
			VerbatimWalled(A)(
				Text(MT)(
					a
				)
			)
		)
	),
	VerbatimWalled(A)(
		Text(MT)(
			b
		)
	)
)