Container()(
	Hanging(D)(
		Container()(
			Hanging(D)(
				Container()()
			)
		)
	)
)