Container()(
	Leaf(T)(
		Container()(
			Text(MT)(
				a
			),
			Escaped(MB)(
				Text(MT)(
					

				)
			),
			Text(MT)(
				b
			)
		)
	)
)