Container()(
	Container(sequentialNumber)<[1]>(
		RankedHanging(A)<2>(
			Container()()
		)
	),
	Container(sequentialNumber)<[1,1]>(
		RankedHanging(A)<3>(
			Container()()
		)
	),
	Container(sequentialNumber)<[2]>(
		RankedHanging(A)<2>(
			Container()()
		)
	),
	Container(sequentialNumber)<[2,1]>(
		RankedHanging(A)<3>(
			Container()()
		)
	)
)